{"level":"info","message":"Connected to DB (Prisma)","timestamp":"2026-08-21T15:34:14.821Z"}
{"env":"development","level":"info","message":"Server running","port":3000,"timestamp":"2026-08-21T15:34:14.838Z"}
{"level":"info","message":"Connected to DB (Prisma)","timestamp":"2026-08-21T17:49:22.541Z"}
{"env":"development","level":"info","message":"Server running","port":3000,"timestamp":"2026-08-21T17:49:22.550Z"}
{"level":"error","message":"Unhandled error Captain with this vehicle number already exists","method":"POST","name":"CaptainAlreadyExistsException","stack":"CaptainAlreadyExistsException: Captain with this vehicle number already exists\n    at Module.registerCaptain (F:\\Users\\moaz0\\OneDrive\\Desktop\\CompGo\\backend\\src\\modules\\captain\\captain.service.ts:19:11)\n    at process.processTicksAndRejections (node:internal/process/task_queues:104:5)\n    at async <anonymous> (F:\\Users\\moaz0\\OneDrive\\Desktop\\CompGo\\backend\\src\\modules\\captain\\captain.controller.ts:8:19)","timestamp":"2026-08-21T17:49:43.855Z","url":"/api/v1/captains"}
{"level":"error","message":"Unhandled error Captain with this vehicle number already exists","method":"POST","name":"CaptainAlreadyExistsException","stack":"CaptainAlreadyExistsException: Captain with this vehicle number already exists\n    at Module.registerCaptain (F:\\Users\\moaz0\\OneDrive\\Desktop\\CompGo\\backend\\src\\modules\\captain\\captain.service.ts:19:11)\n    at process.processTicksAndRejections (node:internal/process/task_queues:104:5)\n    at async <anonymous> (F:\\Users\\moaz0\\OneDrive\\Desktop\\CompGo\\backend\\src\\modules\\captain\\captain.controller.ts:8:19)","timestamp":"2026-08-21T17:50:22.715Z","url":"/api/v1/captains"}
{"level":"error","message":"Unhandled error Captain with this phone number already exists","method":"POST","name":"CaptainAlreadyExistsException","stack":"CaptainAlreadyExistsException: Captain with this phone number already exists\n    at Module.registerCaptain (F:\\Users\\moaz0\\OneDrive\\Desktop\\CompGo\\backend\\src\\modules\\captain\\captain.service.ts:10:11)\n    at process.processTicksAndRejections (node:internal/process/task_queues:104:5)\n    at async <anonymous> (F:\\Users\\moaz0\\OneDrive\\Desktop\\CompGo\\backend\\src\\modules\\captain\\captain.controller.ts:8:19)","timestamp":"2026-08-21T17:50:44.330Z","url":"/api/v1/captains"}
{"level":"error","message":"Unhandled error Captain with this phone number already exists","method":"POST","name":"CaptainAlreadyExistsException","stack":"CaptainAlreadyExistsException: Captain with this phone number already exists\n    at Module.registerCaptain (F:\\Users\\moaz0\\OneDrive\\Desktop\\CompGo\\backend\\src\\modules\\captain\\captain.service.ts:10:11)\n    at process.processTicksAndRejections (node:internal/process/task_queues:104:5)\n    at async <anonymous> (F:\\Users\\moaz0\\OneDrive\\Desktop\\CompGo\\backend\\src\\modules\\captain\\captain.controller.ts:8:19)","timestamp":"2026-08-21T17:50:59.572Z","url":"/api/v1/captains"}
{"level":"error","message":"Unhandled error Captain with this phone number already exists","method":"POST","name":"CaptainAlreadyExistsException","stack":"CaptainAlreadyExistsException: Captain with this phone number already exists\n    at Module.registerCaptain (F:\\Users\\moaz0\\OneDrive\\Desktop\\CompGo\\backend\\src\\modules\\captain\\captain.service.ts:10:11)\n    at process.processTicksAndRejections (node:internal/process/task_queues:104:5)\n    at async <anonymous> (F:\\Users\\moaz0\\OneDrive\\Desktop\\CompGo\\backend\\src\\modules\\captain\\captain.controller.ts:8:19)","timestamp":"2026-08-21T17:53:25.423Z","url":"/api/v1/captains"}
{"level":"error","message":"Unhandled error Captain not found","method":"GET","name":"CaptainNotFoundException","stack":"CaptainNotFoundException: Captain not found\n    at Module.getCaptainById (F:\\Users\\moaz0\\OneDrive\\Desktop\\CompGo\\backend\\src\\modules\\captain\\captain.service.ts:35:11)\n    at process.processTicksAndRejections (node:internal/process/task_queues:104:5)\n    at async <anonymous> (F:\\Users\\moaz0\\OneDrive\\Desktop\\CompGo\\backend\\src\\modules\\captain\\captain.controller.ts:29:19)","timestamp":"2026-08-21T17:56:32.324Z","url":"/api/v1/captains/00000000-0000-0000-0000-000000000000"}
{"level":"info","message":"Connected to DB (Prisma)","timestamp":"2026-08-23T03:32:59.857Z"}
{"env":"development","level":"info","message":"Server running","port":3000,"timestamp":"2026-08-23T03:32:59.862Z"}
{"level":"info","message":"Connected to DB (Prisma)","timestamp":"2026-08-23T03:34:44.394Z"}
{"env":"development","level":"info","message":"Server running","port":3000,"timestamp":"2026-08-23T03:34:44.400Z"}
{"level":"info","message":"Connected to DB (Prisma)","timestamp":"2026-08-23T03:36:31.204Z"}
{"env":"development","level":"info","message":"Server running","port":3000,"timestamp":"2026-08-23T03:36:31.210Z"}
{"level":"info","message":"Connected to DB (Prisma)","timestamp":"2026-08-24T06:29:39.677Z"}
{"env":"development","level":"info","message":"Server running","port":3000,"timestamp":"2026-08-24T06:29:39.688Z"}
{"level":"info","message":"Connected to DB (Prisma)","timestamp":"2026-08-24T06:38:41.906Z"}
{"env":"development","level":"info","message":"Server running","port":3000,"timestamp":"2026-08-24T06:38:41.924Z"}
{"level":"info","message":"Connected to DB (Prisma)","timestamp":"2026-08-24T06:38:47.377Z"}
{"env":"development","level":"info","message":"Server running","port":3000,"timestamp":"2026-08-24T06:38:47.388Z"}
{"level":"info","message":"Connected to DB (Prisma)","timestamp":"2026-08-24T06:40:23.602Z"}
{"env":"development","level":"info","message":"Server running","port":3000,"timestamp":"2026-08-24T06:40:23.611Z"}
{"level":"info","message":"Connected to DB (Prisma)","timestamp":"2026-08-24T06:40:34.426Z"}
{"env":"development","level":"info","message":"Server running","port":3000,"timestamp":"2026-08-24T06:40:34.442Z"}
{"level":"info","message":"Connected to DB (Prisma)","timestamp":"2026-08-24T06:41:03.504Z"}
{"env":"development","level":"info","message":"Server running","port":3000,"timestamp":"2026-08-24T06:41:03.514Z"}
{"level":"info","message":"Connected to DB (Prisma)","timestamp":"2026-08-26T03:34:31.476Z"}
{"env":"development","level":"info","message":"Server running","port":3000,"timestamp":"2026-08-26T03:34:31.495Z"}
{"level":"error","message":"Unhandled error Client account already exists","method":"POST","name":"ClientAlreadyExistsError","stack":"ClientAlreadyExistsError: Client account already exists\n    at Module.registerClient (F:\\Users\\moaz0\\OneDrive\\Desktop\\CompGo\\backend\\src\\modules\\client\\auth\\auth.service.ts:10:11)\n    at process.processTicksAndRejections (node:internal/process/task_queues:104:5)\n    at async <anonymous> (F:\\Users\\moaz0\\OneDrive\\Desktop\\CompGo\\backend\\src\\modules\\client\\auth\\auth.controller.ts:8:20)","timestamp":"2026-08-26T03:35:17.574Z","url":"/clientapi/v1/auth/register"}
{"level":"error","message":"Unhandled error Invalid Egyptian phone number","method":"POST","name":"Error","stack":"Error: Invalid Egyptian phone number\n    at <anonymous> (F:\\Users\\moaz0\\OneDrive\\Desktop\\CompGo\\backend\\src\\middlewares\\validation.middleware.ts:19:21)\n    at Layer.handleRequest (F:\\Users\\moaz0\\OneDrive\\Desktop\\CompGo\\backend\\node_modules\\router\\lib\\layer.js:152:17)\n    at next (F:\\Users\\moaz0\\OneDrive\\Desktop\\CompGo\\backend\\node_modules\\router\\lib\\route.js:157:13)\n    at Route.dispatch (F:\\Users\\moaz0\\OneDrive\\Desktop\\CompGo\\backend\\node_modules\\router\\lib\\route.js:117:3)\n    at handle (F:\\Users\\moaz0\\OneDrive\\Desktop\\CompGo\\backend\\node_modules\\router\\index.js:435:11)\n    at Layer.handleRequest (F:\\Users\\moaz0\\OneDrive\\Desktop\\CompGo\\backend\\node_modules\\router\\lib\\layer.js:152:17)\n    at F:\\Users\\moaz0\\OneDrive\\Desktop\\CompGo\\backend\\node_modules\\router\\index.js:295:15\n    at processParams (F:\\Users\\moaz0\\OneDrive\\Desktop\\CompGo\\backend\\node_modules\\router\\index.js:582:12)\n    at next (F:\\Users\\moaz0\\OneDrive\\Desktop\\CompGo\\backend\\node_modules\\router\\index.js:291:5)\n    at router.handle (F:\\Users\\moaz0\\OneDrive\\Desktop\\CompGo\\backend\\node_modules\\router\\index.js:186:3)","timestamp":"2026-08-26T03:41:46.721Z","url":"/clientapi/v1/auth/register"}
{"level":"error","message":"Unhandled error Invalid Egyptian phone number","method":"POST","name":"Error","stack":"Error: Invalid Egyptian phone number\n    at <anonymous> (F:\\Users\\moaz0\\OneDrive\\Desktop\\CompGo\\backend\\src\\middlewares\\validation.middleware.ts:19:21)\n    at Layer.handleRequest (F:\\Users\\moaz0\\OneDrive\\Desktop\\CompGo\\backend\\node_modules\\router\\lib\\layer.js:152:17)\n    at next (F:\\Users\\moaz0\\OneDrive\\Desktop\\CompGo\\backend\\node_modules\\router\\lib\\route.js:157:13)\n    at Route.dispatch (F:\\Users\\moaz0\\OneDrive\\Desktop\\CompGo\\backend\\node_modules\\router\\lib\\route.js:117:3)\n    at handle (F:\\Users\\moaz0\\OneDrive\\Desktop\\CompGo\\backend\\node_modules\\router\\index.js:435:11)\n    at Layer.handleRequest (F:\\Users\\moaz0\\OneDrive\\Desktop\\CompGo\\backend\\node_modules\\router\\lib\\layer.js:152:17)\n    at F:\\Users\\moaz0\\OneDrive\\Desktop\\CompGo\\backend\\node_modules\\router\\index.js:295:15\n    at processParams (F:\\Users\\moaz0\\OneDrive\\Desktop\\CompGo\\backend\\node_modules\\router\\index.js:582:12)\n    at next (F:\\Users\\moaz0\\OneDrive\\Desktop\\CompGo\\backend\\node_modules\\router\\index.js:291:5)\n    at router.handle (F:\\Users\\moaz0\\OneDrive\\Desktop\\CompGo\\backend\\node_modules\\router\\index.js:186:3)","timestamp":"2026-08-26T03:42:02.882Z","url":"/clientapi/v1/auth/register"}
{"level":"info","message":"Connected to DB (Prisma)","timestamp":"2026-08-26T03:42:31.704Z"}
{"env":"development","level":"info","message":"Server running","port":3000,"timestamp":"2026-08-26T03:42:31.714Z"}
{"level":"info","message":"Connected to DB (Prisma)","timestamp":"2026-08-26T03:42:47.168Z"}
{"env":"development","level":"info","message":"Server running","port":3000,"timestamp":"2026-08-26T03:42:47.179Z"}
{"level":"info","message":"Connected to DB (Prisma)","timestamp":"2026-08-26T03:46:16.680Z"}
{"env":"development","level":"info","message":"Server running","port":3000,"timestamp":"2026-08-26T03:46:16.709Z"}
{"level":"info","message":"Connected to DB (Prisma)","timestamp":"2026-08-26T03:46:26.331Z"}
{"env":"development","level":"info","message":"Server running","port":3000,"timestamp":"2026-08-26T03:46:26.344Z"}
{"level":"info","message":"Connected to DB (Prisma)","timestamp":"2026-08-26T03:46:41.705Z"}
{"env":"development","level":"info","message":"Server running","port":3000,"timestamp":"2026-08-26T03:46:41.715Z"}
{"level":"info","message":"Connected to DB (Prisma)","timestamp":"2026-08-26T03:47:13.635Z"}
{"env":"development","level":"info","message":"Server running","port":3000,"timestamp":"2026-08-26T03:47:13.674Z"}
{"level":"error","message":"Unhandled error Invalid Egyptian phone number","method":"POST","name":"Error","stack":"Error: Invalid Egyptian phone number\n    at <anonymous> (F:\\Users\\moaz0\\OneDrive\\Desktop\\CompGo\\backend\\src\\middlewares\\validation.middleware.ts:19:21)\n    at Layer.handleRequest (F:\\Users\\moaz0\\OneDrive\\Desktop\\CompGo\\backend\\node_modules\\router\\lib\\layer.js:152:17)\n    at next (F:\\Users\\moaz0\\OneDrive\\Desktop\\CompGo\\backend\\node_modules\\router\\lib\\route.js:157:13)\n    at Route.dispatch (F:\\Users\\moaz0\\OneDrive\\Desktop\\CompGo\\backend\\node_modules\\router\\lib\\route.js:117:3)\n    at handle (F:\\Users\\moaz0\\OneDrive\\Desktop\\CompGo\\backend\\node_modules\\router\\index.js:435:11)\n    at Layer.handleRequest (F:\\Users\\moaz0\\OneDrive\\Desktop\\CompGo\\backend\\node_modules\\router\\lib\\layer.js:152:17)\n    at F:\\Users\\moaz0\\OneDrive\\Desktop\\CompGo\\backend\\node_modules\\router\\index.js:295:15\n    at processParams (F:\\Users\\moaz0\\OneDrive\\Desktop\\CompGo\\backend\\node_modules\\router\\index.js:582:12)\n    at next (F:\\Users\\moaz0\\OneDrive\\Desktop\\CompGo\\backend\\node_modules\\router\\index.js:291:5)\n    at router.handle (F:\\Users\\moaz0\\OneDrive\\Desktop\\CompGo\\backend\\node_modules\\router\\index.js:186:3)","timestamp":"2026-08-26T03:47:19.113Z","url":"/clientapi/v1/auth/register"}
{"level":"info","message":"Connected to DB (Prisma)","timestamp":"2026-08-26T03:57:45.729Z"}
{"env":"development","level":"info","message":"Server running","port":3000,"timestamp":"2026-08-26T03:57:45.737Z"}
{"level":"info","message":"Connected to DB (Prisma)","timestamp":"2026-08-26T03:58:44.828Z"}
{"env":"development","level":"info","message":"Server running","port":3000,"timestamp":"2026-08-26T03:58:44.841Z"}
